mktextfm SimSun/OT
mktextfm SimSun/OT
mktextfm KaiTi/OT
mktextfm KaiTi/B/OT
mktextfm SimHei/OT
mktextfm SimHei/I/OT
mktextfm SimSun/OT
mktextfm SimSun/BI/OT
mktextfm SimSun/OT
mktextfm SimSun/OT
mktextfm SimHei/OT
mktextfm SimHei/OT
mktextfm KaiTi/OT
mktextfm KaiTi/OT
mktextfm SimHei/OT
mktextfm FangSong/OT
mktextfm FangSong/OT
mktextfm FangSong/OT
mktextfm FangSong/BI/OT
mktextfm FangSong/OT
mktextfm FangSong/B/OT
mktextfm FangSong/OT
mktextfm FangSong/I/OT
mktextfm FangSong/OT
mktextfm FangSong/OT
mktextfm FangSong/OT
mktextfm FangSong/OT
mktextfm FangSong/OT
mktextfm SimHei/OT
mktextfm SimSun/OT
mktextfm KaiTi/OT
mktextfm nullfont
mktextfm SimHei/OT
mktextfm SimHei/OT
mktextfm SimHei/OT
mktextfm SimHei/OT
mktextfm SimHei/BI/OT
mktextfm SimHei/OT
mktextfm SimHei/B/OT
mktextfm SimHei/OT
mktextfm SimHei/I/OT
mktextfm SimHei/OT
mktextfm SimHei/OT
mktextfm SimHei/OT
mktextfm SimHei/OT
mktextfm FangSong/OT
mktextfm FangSong/OT
mktextfm SimSun/OT
